plugin@org.eclipse.jst.jee.ui=v201002021208,:pserver:anonymous@dev.eclipse.org:/cvsroot/webtools,,jeetools/plugins/org.eclipse.jst.jee.ui
plugin@org.eclipse.jst.jee=v201002021055,:pserver:anonymous@dev.eclipse.org:/cvsroot/webtools,,jeetools/plugins/org.eclipse.jst.jee
plugin@org.eclipse.jst.jee.web=v201002031231,:pserver:anonymous@dev.eclipse.org:/cvsroot/webtools,,jeetools/plugins/org.eclipse.jst.jee.web

plugin@org.eclipse.jst.j2ee=v201001272230,:pserver:anonymous@dev.eclipse.org:/cvsroot/webtools,,jeetools/plugins/org.eclipse.jst.j2ee
plugin@org.eclipse.jst.j2ee.core=v200911302230,:pserver:anonymous@dev.eclipse.org:/cvsroot/webtools,,jeetools/plugins/org.eclipse.jst.j2ee.core
plugin@org.eclipse.jst.j2ee.web=v200911302230,:pserver:anonymous@dev.eclipse.org:/cvsroot/webtools,,jeetools/plugins/org.eclipse.jst.j2ee.web
plugin@org.eclipse.jst.servlet.ui=v200908101600,:pserver:anonymous@dev.eclipse.org:/cvsroot/webtools,,jeetools/plugins/org.eclipse.jst.servlet.ui

plugin@org.eclipse.jst.j2ee.navigator.ui=v201001252130,:pserver:anonymous@dev.eclipse.org:/cvsroot/webtools,,jeetools/plugins/org.eclipse.jst.j2ee.navigator.ui
plugin@org.eclipse.jst.j2ee.ui=v201001252130,:pserver:anonymous@dev.eclipse.org:/cvsroot/webtools,,jeetools/plugins/org.eclipse.jst.j2ee.ui

plugin@org.eclipse.wst.web.ui=v201001252130,:pserver:anonymous@dev.eclipse.org:/cvsroot/webtools,,jeetools/plugins/org.eclipse.wst.web.ui

plugin@org.eclipse.jst.jsp.core=v201001270045,:pserver:anonymous@dev.eclipse.org:/cvsroot/webtools,,sourceediting/plugins/org.eclipse.jst.jsp.core
plugin@org.eclipse.jst.jsp.ui=v200908111935,:pserver:anonymous@dev.eclipse.org:/cvsroot/webtools,,sourceediting/plugins/org.eclipse.jst.jsp.ui

plugin@org.eclipse.jst.j2ee.ejb.annotations.xdoclet=v200805140020,:pserver:anonymous@dev.eclipse.org:/cvsroot/webtools,,ejbtools/plugins/org.eclipse.jst.j2ee.ejb.annotations.xdoclet
