plugin@org.eclipse.wst.ws.explorer=v200911241806,:pserver:anonymous@dev.eclipse.org:/cvsroot/webtools,,webservices/plugins/org.eclipse.wst.ws.explorer
plugin@org.eclipse.wst.ws=v200903111822,:pserver:anonymous@dev.eclipse.org:/cvsroot/webtools,,webservices/plugins/org.eclipse.wst.ws
plugin@org.eclipse.wst.ws.parser=v200901220107,:pserver:anonymous@dev.eclipse.org:/cvsroot/webtools,,webservices/plugins/org.eclipse.wst.ws.parser
plugin@org.eclipse.wst.wsdl=v200911111930,:pserver:anonymous@dev.eclipse.org:/cvsroot/webtools,,webservices/plugins/org.eclipse.wst.wsdl
plugin@org.eclipse.wst.ws.ui=v200903112221,:pserver:anonymous@dev.eclipse.org:/cvsroot/webtools,,webservices/plugins/org.eclipse.wst.ws.ui
plugin@org.eclipse.wst.wsdl.ui=v200904271449,:pserver:anonymous@dev.eclipse.org:/cvsroot/webtools,,webservices/plugins/org.eclipse.wst.wsdl.ui
plugin@org.eclipse.wst.command.env.core=v200805140020,:pserver:anonymous@dev.eclipse.org:/cvsroot/webtools,,webservices/plugins/org.eclipse.wst.command.env.core
plugin@org.eclipse.wst.command.env=v200903110045,:pserver:anonymous@dev.eclipse.org:/cvsroot/webtools,,webservices/plugins/org.eclipse.wst.command.env
plugin@org.eclipse.wst.command.env.ui=v200811200248,:pserver:anonymous@dev.eclipse.org:/cvsroot/webtools,,webservices/plugins/org.eclipse.wst.command.env.ui

plugin@org.eclipse.wst.wsi=v200902181431,:pserver:anonymous@dev.eclipse.org:/cvsroot/webtools,,webservices/plugins/org.eclipse.wst.wsi
plugin@org.eclipse.wst.wsi.ui=v200901141851,:pserver:anonymous@dev.eclipse.org:/cvsroot/webtools,,webservices/plugins/org.eclipse.wst.wsi.ui
