plugin@org.eclipse.jst.server.core=v20100127,:pserver:anonymous@dev.eclipse.org:/cvsroot/webtools,,servertools/plugins/org.eclipse.jst.server.core
plugin@org.eclipse.jst.server.generic.core=v20090817,:pserver:anonymous@dev.eclipse.org:/cvsroot/webtools,,servertools/plugins/org.eclipse.jst.server.generic.core
plugin@org.eclipse.jst.server.generic.jboss=v200904151730,:pserver:anonymous@dev.eclipse.org:/cvsroot/webtools,,servertools/plugins/org.eclipse.jst.server.generic.jboss
plugin@org.eclipse.jst.server.generic.jonas=v200805140145,:pserver:anonymous@dev.eclipse.org:/cvsroot/webtools,,servertools/plugins/org.eclipse.jst.server.generic.jonas
plugin@org.eclipse.jst.server.generic.ui=v200905022002,:pserver:anonymous@dev.eclipse.org:/cvsroot/webtools,,servertools/plugins/org.eclipse.jst.server.generic.ui

plugin@org.eclipse.jst.server.tomcat.core=v20090814,:pserver:anonymous@dev.eclipse.org:/cvsroot/webtools,,servertools/plugins/org.eclipse.jst.server.tomcat.core
plugin@org.eclipse.jst.server.tomcat.ui=v20090424,:pserver:anonymous@dev.eclipse.org:/cvsroot/webtools,,servertools/plugins/org.eclipse.jst.server.tomcat.ui

plugin@org.eclipse.jst.server.ui=v20090421,:pserver:anonymous@dev.eclipse.org:/cvsroot/webtools,,servertools/plugins/org.eclipse.jst.server.ui
plugin@org.eclipse.wst.server.core=v20100123,:pserver:anonymous@dev.eclipse.org:/cvsroot/webtools,,servertools/plugins/org.eclipse.wst.server.core
plugin@org.eclipse.wst.server.discovery=v20100210,:pserver:anonymous@dev.eclipse.org:/cvsroot/webtools,,servertools/plugins/org.eclipse.wst.server.discovery
plugin@org.eclipse.wst.server.ui=v20100123,:pserver:anonymous@dev.eclipse.org:/cvsroot/webtools,,servertools/plugins/org.eclipse.wst.server.ui


plugin@org.eclipse.wst.server.preview=v20090113,:pserver:anonymous@dev.eclipse.org:/cvsroot/webtools,,servertools/plugins/org.eclipse.wst.server.preview
plugin@org.eclipse.wst.server.preview.adapter=v20090311b,:pserver:anonymous@dev.eclipse.org:/cvsroot/webtools,,servertools/plugins/org.eclipse.wst.server.preview.adapter
