
plugin@org.eclipse.wst.dtd.core=v200904181727,:pserver:anonymous@dev.eclipse.org:/cvsroot/webtools,,sourceediting/plugins/org.eclipse.wst.dtd.core
plugin@org.eclipse.wst.sse.core=v201001251516,:pserver:anonymous@dev.eclipse.org:/cvsroot/webtools,,sourceediting/plugins/org.eclipse.wst.sse.core
plugin@org.eclipse.wst.xml.core=v201001222130,:pserver:anonymous@dev.eclipse.org:/cvsroot/webtools,,sourceediting/plugins/org.eclipse.wst.xml.core
plugin@org.eclipse.wst.xsd.core=v200903020335,:pserver:anonymous@dev.eclipse.org:/cvsroot/webtools,,sourceediting/plugins/org.eclipse.wst.xsd.core

plugin@org.eclipse.wst.dtd.ui=v200904300717,:pserver:anonymous@dev.eclipse.org:/cvsroot/webtools,,sourceediting/plugins/org.eclipse.wst.dtd.ui
plugin@org.eclipse.wst.sse.ui=v200910200227,:pserver:anonymous@dev.eclipse.org:/cvsroot/webtools,,sourceediting/plugins/org.eclipse.wst.sse.ui
plugin@org.eclipse.wst.xml.ui=v201001222130,:pserver:anonymous@dev.eclipse.org:/cvsroot/webtools,,sourceediting/plugins/org.eclipse.wst.xml.ui
plugin@org.eclipse.wst.xsd.ui=v200909021537,:pserver:anonymous@dev.eclipse.org:/cvsroot/webtools,,sourceediting/plugins/org.eclipse.wst.xsd.ui

plugin@org.eclipse.wst.xsl.core=v200908101420,:pserver:anonymous@dev.eclipse.org:/cvsroot/webtools,,sourceediting/plugins/org.eclipse.wst.xsl.core
plugin@org.eclipse.wst.xsl.ui=v200907172129,:pserver:anonymous@dev.eclipse.org:/cvsroot/webtools,,sourceediting/plugins/org.eclipse.wst.xsl.ui
