#releng
feature@com.liferay.ide.eclipse.tools=SVN,url=http://svn.liferay.com/repos/public/tools,tag=trunk,path=ide/eclipse/common/features/com.liferay.ide.eclipse.tools,username=guest,password=guest
plugin@com.liferay.ide.eclipse.tools.branding=SVN,url=http://svn.liferay.com/repos/public/tools,tag=trunk,path=ide/eclipse/common/plugins/com.liferay.ide.eclipse.tools.branding,username=guest,password=guest

#common
plugin@com.liferay.ide.eclipse.core=SVN,url=http://svn.liferay.com/repos/public/tools,tag=trunk,path=ide/eclipse/common/plugins/com.liferay.ide.eclipse.core,username=guest,password=guest
plugin@com.liferay.ide.eclipse.project.core=SVN,url=http://svn.liferay.com/repos/public/tools,tag=trunk,path=ide/eclipse/common/plugins/com.liferay.ide.eclipse.project.core,username=guest,password=guest
plugin@com.liferay.ide.eclipse.project.ui=SVN,url=http://svn.liferay.com/repos/public/tools,tag=trunk,path=ide/eclipse/common/plugins/com.liferay.ide.eclipse.project.ui,username=guest,password=guest
plugin@com.liferay.ide.eclipse.sdk=SVN,url=http://svn.liferay.com/repos/public/tools,tag=trunk,path=ide/eclipse/common/plugins/com.liferay.ide.eclipse.sdk,username=guest,password=guest
plugin@com.liferay.ide.eclipse.ui=SVN,url=http://svn.liferay.com/repos/public/tools,tag=trunk,path=ide/eclipse/common/plugins/com.liferay.ide.eclipse.ui,username=guest,password=guest

#portal
plugin@com.liferay.ide.eclipse.portlet.core=SVN,url=http://svn.liferay.com/repos/public/tools,tag=trunk,path=ide/eclipse/portal/plugins/com.liferay.ide.eclipse.portlet.core,username=guest,password=guest
plugin@com.liferay.ide.eclipse.portlet.ui=SVN,url=http://svn.liferay.com/repos/public/tools,tag=trunk,path=ide/eclipse/portal/plugins/com.liferay.ide.eclipse.portlet.ui,username=guest,password=guest

#server
plugin@com.liferay.ide.eclipse.server.core=SVN,url=http://svn.liferay.com/repos/public/tools,tag=trunk,path=ide/eclipse/server/plugins/com.liferay.ide.eclipse.server.core,username=guest,password=guest
plugin@com.liferay.ide.eclipse.server.tomcat.core=SVN,url=http://svn.liferay.com/repos/public/tools,tag=trunk,path=ide/eclipse/server/plugins/com.liferay.ide.eclipse.server.tomcat.core,username=guest,password=guest
plugin@com.liferay.ide.eclipse.server.tomcat.ui=SVN,url=http://svn.liferay.com/repos/public/tools,tag=trunk,path=ide/eclipse/server/plugins/com.liferay.ide.eclipse.server.tomcat.ui,username=guest,password=guest
plugin@com.liferay.ide.eclipse.server.ui=SVN,url=http://svn.liferay.com/repos/public/tools,tag=trunk,path=ide/eclipse/server/plugins/com.liferay.ide.eclipse.server.ui,username=guest,password=guest
