plugin@org.eclipse.wst.common.project.facet.core=v200911141735,:pserver:anonymous@dev.eclipse.org:/cvsroot/webtools,,common/plugins/org.eclipse.wst.common.project.facet.core
plugin@org.eclipse.wst.common.project.facet.ui=v200908111817,:pserver:anonymous@dev.eclipse.org:/cvsroot/webtools,,common/plugins/org.eclipse.wst.common.project.facet.ui
plugin@org.eclipse.jst.common.project.facet.core=v200911141836,:pserver:anonymous@dev.eclipse.org:/cvsroot/webtools,,common/plugins/org.eclipse.jst.common.project.facet.core
plugin@org.eclipse.jst.common.project.facet.ui=v200912011928,:pserver:anonymous@dev.eclipse.org:/cvsroot/webtools,,common/plugins/org.eclipse.jst.common.project.facet.ui

plugin@org.eclipse.wst.common.frameworks.ui=v200908101600,:pserver:anonymous@dev.eclipse.org:/cvsroot/webtools,,common/plugins/org.eclipse.wst.common.frameworks.ui
plugin@org.eclipse.wst.common.ui=v200901262305,:pserver:anonymous@dev.eclipse.org:/cvsroot/webtools,,common/plugins/org.eclipse.wst.common.ui
plugin@org.eclipse.wst.validation.ui=v200904232035,:pserver:anonymous@dev.eclipse.org:/cvsroot/webtools,,common/plugins/org.eclipse.wst.validation.ui
plugin@org.eclipse.wst.common.core=v200806010600,:pserver:anonymous@dev.eclipse.org:/cvsroot/webtools,,common/plugins/org.eclipse.wst.common.core

plugin@org.eclipse.wst.common.frameworks=v200904160730,:pserver:anonymous@dev.eclipse.org:/cvsroot/webtools,,common/plugins/org.eclipse.wst.common.frameworks
plugin@org.eclipse.wst.common.modulecore=v201001252130,:pserver:anonymous@dev.eclipse.org:/cvsroot/webtools,,common/plugins/org.eclipse.wst.common.modulecore

plugin@org.eclipse.jst.common.frameworks=v201001252130,:pserver:anonymous@dev.eclipse.org:/cvsroot/webtools,,jeetools/plugins/org.eclipse.jst.common.frameworks
plugin@org.eclipse.jst.j2ee.xdoclet.runtime=v200805140135,:pserver:anonymous@dev.eclipse.org:/cvsroot/webtools,,ejbtools/plugins/org.eclipse.jst.j2ee.xdoclet.runtime

plugin@org.eclipse.jst.j2ee.ejb.annotations.xdoclet=v200805140020,:pserver:anonymous@dev.eclipse.org:/cvsroot/webtools,,ejbtools/plugins/org.eclipse.jst.j2ee.ejb.annotations.xdoclet
plugin@org.eclipse.wst.common.snippets=v201001280015,:pserver:anonymous@dev.eclipse.org:/cvsroot/webtools,,common/plugins/org.eclipse.wst.common.snippets
