plugin@org.eclipse.wst.common.project.facet.core=v201007150403,:pserver:anonymous@dev.eclipse.org:/cvsroot/webtools,,common/plugins/org.eclipse.wst.common.project.facet.core
plugin@org.eclipse.wst.common.project.facet.ui=v201005190114,:pserver:anonymous@dev.eclipse.org:/cvsroot/webtools,,common/plugins/org.eclipse.wst.common.project.facet.ui
plugin@org.eclipse.jst.common.project.facet.core=v201007151621,:pserver:anonymous@dev.eclipse.org:/cvsroot/webtools,,common/plugins/org.eclipse.jst.common.project.facet.core
plugin@org.eclipse.jst.common.project.facet.ui=v201007151616,:pserver:anonymous@dev.eclipse.org:/cvsroot/webtools,,common/plugins/org.eclipse.jst.common.project.facet.ui
plugin@org.eclipse.jst.common.frameworks=v201007150400,:pserver:anonymous@dev.eclipse.org:/cvsroot/webtools,,jeetools/plugins/org.eclipse.jst.common.frameworks
plugin@org.eclipse.wst.common.frameworks=v201003040800,:pserver:anonymous@dev.eclipse.org:/cvsroot/webtools,,common/plugins/org.eclipse.wst.common.frameworks
plugin@org.eclipse.wst.common.modulecore=v201007220100,:pserver:anonymous@dev.eclipse.org:/cvsroot/webtools,,common/plugins/org.eclipse.wst.common.modulecore
plugin@org.eclipse.wst.common.frameworks.ui=v201004080500,:pserver:anonymous@dev.eclipse.org:/cvsroot/webtools,,common/plugins/org.eclipse.wst.common.frameworks.ui
plugin@org.eclipse.wst.common.snippets=v201004290255,:pserver:anonymous@dev.eclipse.org:/cvsroot/webtools,,common/plugins/org.eclipse.wst.common.snippets
plugin@org.eclipse.wst.common.ui=v200911190730,:pserver:anonymous@dev.eclipse.org:/cvsroot/webtools,,common/plugins/org.eclipse.wst.common.ui
plugin@org.eclipse.wst.validation.ui=v201004150700,:pserver:anonymous@dev.eclipse.org:/cvsroot/webtools,,common/plugins/org.eclipse.wst.validation.ui
plugin@org.eclipse.wst.common.core=v200908252030,:pserver:anonymous@dev.eclipse.org:/cvsroot/webtools,,common/plugins/org.eclipse.wst.common.core
plugin@org.eclipse.jst.j2ee.ejb.annotations.xdoclet=v201003112036,:pserver:anonymous@dev.eclipse.org:/cvsroot/webtools,,ejbtools/plugins/org.eclipse.jst.j2ee.ejb.annotations.xdoclet
plugin@org.eclipse.jst.j2ee.xdoclet.runtime=v201004280700,:pserver:anonymous@dev.eclipse.org:/cvsroot/webtools,,ejbtools/plugins/org.eclipse.jst.j2ee.xdoclet.runtime
plugin@org.eclipse.jst.jee.ui=v201007070823,:pserver:anonymous@dev.eclipse.org:/cvsroot/webtools,,jeetools/plugins/org.eclipse.jst.jee.ui
plugin@org.eclipse.jst.j2ee.navigator.ui=v201007150400,:pserver:anonymous@dev.eclipse.org:/cvsroot/webtools,,jeetools/plugins/org.eclipse.jst.j2ee.navigator.ui
plugin@org.eclipse.jst.j2ee.ui=v201007232000,:pserver:anonymous@dev.eclipse.org:/cvsroot/webtools,,jeetools/plugins/org.eclipse.jst.j2ee.ui
plugin@org.eclipse.jst.j2ee=v201007232000,:pserver:anonymous@dev.eclipse.org:/cvsroot/webtools,,jeetools/plugins/org.eclipse.jst.j2ee
plugin@org.eclipse.jst.j2ee.core=v201007150400,:pserver:anonymous@dev.eclipse.org:/cvsroot/webtools,,jeetools/plugins/org.eclipse.jst.j2ee.core
plugin@org.eclipse.jst.j2ee.web=v201007151552,:pserver:anonymous@dev.eclipse.org:/cvsroot/webtools,,jeetools/plugins/org.eclipse.jst.j2ee.web
plugin@org.eclipse.jst.servlet.ui=v201007150400,:pserver:anonymous@dev.eclipse.org:/cvsroot/webtools,,jeetools/plugins/org.eclipse.jst.servlet.ui
plugin@org.eclipse.jst.jee=v201007151900,:pserver:anonymous@dev.eclipse.org:/cvsroot/webtools,,jeetools/plugins/org.eclipse.jst.jee
plugin@org.eclipse.jst.jee.web=v201007070907,:pserver:anonymous@dev.eclipse.org:/cvsroot/webtools,,jeetools/plugins/org.eclipse.jst.jee.web
plugin@org.eclipse.jst.jsf.core=v20100712,:pserver:anonymous@dev.eclipse.org:/cvsroot/webtools,,org.eclipse.jsf/components/jsf/plugins/org.eclipse.jst.jsf.core
plugin@org.eclipse.jst.jsf.ui=v20100525,:pserver:anonymous@dev.eclipse.org:/cvsroot/webtools,,org.eclipse.jsf/components/jsf/plugins/org.eclipse.jst.jsf.ui
plugin@org.eclipse.jst.jsf.facelet.core=v20100712,:pserver:anonymous@dev.eclipse.org:/cvsroot/webtools,,org.eclipse.jsf/components/jsf/plugins/org.eclipse.jst.jsf.facelet.core
plugin@org.eclipse.jst.jsf.facelet.ui=v20100602,:pserver:anonymous@dev.eclipse.org:/cvsroot/webtools,,org.eclipse.jsf/components/jsf/plugins/org.eclipse.jst.jsf.facelet.ui
plugin@org.eclipse.jst.jsf.facesconfig=v201004252003,:pserver:anonymous@dev.eclipse.org:/cvsroot/webtools,,org.eclipse.jsf/components/jsf/plugins/org.eclipse.jst.jsf.facesconfig
plugin@org.eclipse.jst.jsf.facesconfig.ui=v20100421,:pserver:anonymous@dev.eclipse.org:/cvsroot/webtools,,org.eclipse.jsf/components/jsf/plugins/org.eclipse.jst.jsf.facesconfig.ui
plugin@org.eclipse.jst.jsf.common=v20100604,:pserver:anonymous@dev.eclipse.org:/cvsroot/webtools,,org.eclipse.jsf/components/jsf/plugins/org.eclipse.jst.jsf.common
plugin@org.eclipse.jst.jsf.common.ui=v20100329,:pserver:anonymous@dev.eclipse.org:/cvsroot/webtools,,org.eclipse.jsf/components/jsf/plugins/org.eclipse.jst.jsf.common.ui
plugin@org.eclipse.jst.jsf.common.runtime=v20100510,:pserver:anonymous@dev.eclipse.org:/cvsroot/webtools,,org.eclipse.jsf/components/jsf/plugins/org.eclipse.jst.jsf.common.runtime
plugin@org.eclipse.jst.server.core=v20100421,:pserver:anonymous@dev.eclipse.org:/cvsroot/webtools,,servertools/plugins/org.eclipse.jst.server.core
plugin@org.eclipse.jst.server.ui=v20100511,:pserver:anonymous@dev.eclipse.org:/cvsroot/webtools,,servertools/plugins/org.eclipse.jst.server.ui
plugin@org.eclipse.jst.server.generic.core=v20100512,:pserver:anonymous@dev.eclipse.org:/cvsroot/webtools,,servertools/plugins/org.eclipse.jst.server.generic.core
plugin@org.eclipse.jst.server.generic.ui=v20100428,:pserver:anonymous@dev.eclipse.org:/cvsroot/webtools,,servertools/plugins/org.eclipse.jst.server.generic.ui
plugin@org.eclipse.jst.server.tomcat.core=v20100707,:pserver:anonymous@dev.eclipse.org:/cvsroot/webtools,,servertools/plugins/org.eclipse.jst.server.tomcat.core
plugin@org.eclipse.jst.server.tomcat.ui=v20100418,:pserver:anonymous@dev.eclipse.org:/cvsroot/webtools,,servertools/plugins/org.eclipse.jst.server.tomcat.ui
plugin@org.eclipse.jst.server.generic.jboss=v200904151730,:pserver:anonymous@dev.eclipse.org:/cvsroot/webtools,,servertools/plugins/org.eclipse.jst.server.generic.jboss
plugin@org.eclipse.jst.server.generic.jonas=v200805140145,:pserver:anonymous@dev.eclipse.org:/cvsroot/webtools,,servertools/plugins/org.eclipse.jst.server.generic.jonas
plugin@org.eclipse.wst.server.core=v20100714,:pserver:anonymous@dev.eclipse.org:/cvsroot/webtools,,servertools/plugins/org.eclipse.wst.server.core
plugin@org.eclipse.wst.server.preview=v20091208,:pserver:anonymous@dev.eclipse.org:/cvsroot/webtools,,servertools/plugins/org.eclipse.wst.server.preview
plugin@org.eclipse.wst.server.preview.adapter=v20090311b,:pserver:anonymous@dev.eclipse.org:/cvsroot/webtools,,servertools/plugins/org.eclipse.wst.server.preview.adapter
plugin@org.eclipse.wst.server.ui=v20100712b,:pserver:anonymous@dev.eclipse.org:/cvsroot/webtools,,servertools/plugins/org.eclipse.wst.server.ui
plugin@org.eclipse.wst.server.discovery=v20100707,:pserver:anonymous@dev.eclipse.org:/cvsroot/webtools,,servertools/plugins/org.eclipse.wst.server.discovery
plugin@org.eclipse.jst.jsp.core=v201007070628,:pserver:anonymous@dev.eclipse.org:/cvsroot/webtools,,sourceediting/plugins/org.eclipse.jst.jsp.core
plugin@org.eclipse.jst.jsp.ui=v201006030742,:pserver:anonymous@dev.eclipse.org:/cvsroot/webtools,,sourceediting/plugins/org.eclipse.jst.jsp.ui
plugin@org.eclipse.wst.html.ui=v201006251806,:pserver:anonymous@dev.eclipse.org:/cvsroot/webtools,,sourceediting/plugins/org.eclipse.wst.html.ui
plugin@org.eclipse.wst.web.ui=v201004141630,:pserver:anonymous@dev.eclipse.org:/cvsroot/webtools,,jeetools/plugins/org.eclipse.wst.web.ui
plugin@org.eclipse.wst.dtd.core=v201004290328,:pserver:anonymous@dev.eclipse.org:/cvsroot/webtools,,sourceediting/plugins/org.eclipse.wst.dtd.core
plugin@org.eclipse.wst.sse.core=v201007131444,:pserver:anonymous@dev.eclipse.org:/cvsroot/webtools,,sourceediting/plugins/org.eclipse.wst.sse.core
plugin@org.eclipse.wst.xml.core=v201007151827,:pserver:anonymous@dev.eclipse.org:/cvsroot/webtools,,sourceediting/plugins/org.eclipse.wst.xml.core
plugin@org.eclipse.wst.xsd.core=v201004110600,:pserver:anonymous@dev.eclipse.org:/cvsroot/webtools,,sourceediting/plugins/org.eclipse.wst.xsd.core
plugin@org.eclipse.wst.dtd.ui=v201004290328,:pserver:anonymous@dev.eclipse.org:/cvsroot/webtools,,sourceediting/plugins/org.eclipse.wst.dtd.ui
plugin@org.eclipse.wst.sse.ui=v201007141733,:pserver:anonymous@dev.eclipse.org:/cvsroot/webtools,,sourceediting/plugins/org.eclipse.wst.sse.ui
plugin@org.eclipse.wst.xml.ui=v201007071754,:pserver:anonymous@dev.eclipse.org:/cvsroot/webtools,,sourceediting/plugins/org.eclipse.wst.xml.ui
plugin@org.eclipse.wst.xsd.ui=v201004290328,:pserver:anonymous@dev.eclipse.org:/cvsroot/webtools,,sourceediting/plugins/org.eclipse.wst.xsd.ui
plugin@org.eclipse.wst.xsl.core=v201004290328,:pserver:anonymous@dev.eclipse.org:/cvsroot/webtools,,sourceediting/plugins/org.eclipse.wst.xsl.core
plugin@org.eclipse.wst.xsl.ui=v201004290328,:pserver:anonymous@dev.eclipse.org:/cvsroot/webtools,,sourceediting/plugins/org.eclipse.wst.xsl.ui
plugin@org.eclipse.wst.ws.ui=v201004211805,:pserver:anonymous@dev.eclipse.org:/cvsroot/webtools,,webservices/plugins/org.eclipse.wst.ws.ui
plugin@org.eclipse.wst.ws.explorer=v201004220342,:pserver:anonymous@dev.eclipse.org:/cvsroot/webtools,,webservices/plugins/org.eclipse.wst.ws.explorer
plugin@org.eclipse.wst.wsdl.ui=v201005180400,:pserver:anonymous@dev.eclipse.org:/cvsroot/webtools,,webservices/plugins/org.eclipse.wst.wsdl.ui
plugin@org.eclipse.wst.wsi.ui=v201004201506,:pserver:anonymous@dev.eclipse.org:/cvsroot/webtools,,webservices/plugins/org.eclipse.wst.wsi.ui
plugin@org.eclipse.wst.ws.service.policy.ui=v201004211732,:pserver:anonymous@dev.eclipse.org:/cvsroot/webtools,,webservices/plugins/org.eclipse.wst.ws.service.policy.ui
plugin@org.eclipse.wst.command.env.ui=v201004211805,:pserver:anonymous@dev.eclipse.org:/cvsroot/webtools,,webservices/plugins/org.eclipse.wst.command.env.ui
